
> test-automation-poc@1.0.0 playwright:test
> playwright test

Starting Microsoft OAuth login flow...
