
> test-automation-poc@1.0.0 playwright:test
> playwright test

Starting Microsoft OAuth login flow...
Looking for Sign In button...
Button clicked, waiting for Microsoft OAuth page...
Ô£à Navigated to Microsoft OAuth page
Looking for Next button on Microsoft OAuth page (after Sign in with Microsoft)...
No Next button found on Microsoft OAuth page (this is normal if email field is already visible)
Looking for email input field...
Ô£à Email input field found, typing email: svc-pacenet-test2@rhanet.org
Ô£à Email typed successfully
Looking for Next/Submit button after email...
Ô£à Next/Submit button found, clicking...
Ô£à Clicked Next/Submit button after email
Looking for password input field...
Ô£à Password input field found (name="passwd", id="i0118"), typing password...
Ô£à Password typed successfully
Ô£à Password confirmed entered (10 characters)
Clicking Sign in button...
Waiting for authentication to process...
Waiting longer for navigation after password submit...
Current URL after sign in click: https://login.microsoftonline.com/77567fba-7cef-44cb-b517-a6273f733405/login
Looking for Next button on current page...
ÔÜá´©Å No Next button found on current page
Screenshot saved to playwright/.auth/no-next-button.png
Redirected to app? false
Not redirected to app yet, checking for Skip buttons...
Still not redirected, looking for "Skip set up" button...
Still on Microsoft login page, waiting for navigation...
ÔÜá´©Å No navigation occurred, checking for errors...
Screenshot saved to playwright/.auth/no-navigation.png
Page text sample: 
    //<![CDATA[
!function(){var e=window,s=e.document,i=e.$Config||{};if(e.self===e.top){s&&s.body&&(s.body.style.display="block")}else if(!i.allowFrame){var o,t,r,f,n,d;if(i.fAddTryCatchForIFrameRedirects){try{o=e.self.location.href,t=o.indexOf("#"),r=-1!==t,f=o.indexOf("?"),n=r?t:o.length,d=-1===f||r&&f>t?"?":"&",o=o.substr(0,n)+d+"iframe-request-id="+i.sessionId+o.substr(n),e.top.location=o}catch(e){}}else{o=e.self.location.href,t=o.indexOf("#"),r=-1!==t,f=o.indexOf("?"),n=r?t:o.length,d=-1=
Making final attempt - waiting longer and checking for any buttons...
Current URL in final attempt: https://login.microsoftonline.com/77567fba-7cef-44cb-b517-a6273f733405/login
Trying to click button with text: "Next"
